\BOOKMARK [1][-]{section.1}{\376\377\000G\000i\036\333\000i\000\040\000t\000h\000i\036\307\000u}{}% 1
\BOOKMARK [1][-]{section.2}{\376\377\000C\000\364\000n\000g\000\040\000n\000g\000h\036\307\000\040\000v\000\340\000\040\000c\000\364\000n\000g\000\040\000c\036\345}{}% 2
\BOOKMARK [1][-]{section.3}{\376\377\000T\000h\000i\036\277\000t\000\040\000k\036\277\000\040\000R\000T\000L}{}% 3
\BOOKMARK [2][-]{subsection.3.1}{\376\377\000K\000i\036\277\000n\000\040\000t\000r\000\372\000c\000\040\000C\000P\000U}{section.3}% 4
\BOOKMARK [2][-]{subsection.3.2}{\376\377\000T\036\255\000p\000\040\000l\036\307\000n\000h}{section.3}% 5
\BOOKMARK [2][-]{subsection.3.3}{\376\377\000A\000L\000U\000\040\0004\000-\000b\000i\000t}{section.3}% 6
\BOOKMARK [1][-]{section.4}{\376\377\000M\000\364\000\040\000p\000h\036\317\000n\000g\000\040\000v\000\340\000\040\000k\000i\036\303\000m\000\040\000c\000h\036\351\000n\000g\000\040\000R\000T\000L}{}% 7
\BOOKMARK [1][-]{section.5}{\376\377\000T\036\325\000n\000g\000\040\000h\036\343\000p\000\040\000l\000o\000g\000i\000c}{}% 8
\BOOKMARK [1][-]{section.6}{\376\377\000F\000l\000o\000o\000r\000p\000l\000a\000n\000\040\000v\000\340\000\040\000p\000o\000w\000e\000r\000\040\000p\000l\000a\000n\000n\000i\000n\000g}{}% 9
\BOOKMARK [2][-]{subsection.6.1}{\376\377\000C\036\245\000u\000\040\000h\000\354\000n\000h\000\040\000c\000h\000\355\000n\000h}{section.6}% 10
\BOOKMARK [2][-]{subsection.6.2}{\376\377\000B\036\321\000\040\000t\000r\000\355\000\040\000I\000/\000O}{section.6}% 11
\BOOKMARK [2][-]{subsection.6.3}{\376\377\000P\000o\000w\000e\000r\000\040\000P\000l\000a\000n\000n\000i\000n\000g}{section.6}% 12
\BOOKMARK [1][-]{section.7}{\376\377\000P\000l\000a\000c\000e\000m\000e\000n\000t\000\040\000v\000\340\000\040\000c\000l\000o\000c\000k\000-\000t\000r\000e\000e\000\040\000s\000y\000n\000t\000h\000e\000s\000i\000s}{}% 13
\BOOKMARK [2][-]{subsection.7.1}{\376\377\000P\000l\000a\000c\000e\000m\000e\000n\000t}{section.7}% 14
\BOOKMARK [2][-]{subsection.7.2}{\376\377\000C\000l\000o\000c\000k\000-\000t\000r\000e\000e\000\040\000s\000y\000n\000t\000h\000e\000s\000i\000s}{section.7}% 15
\BOOKMARK [1][-]{section.8}{\376\377\000R\000o\000u\000t\000i\000n\000g}{}% 16
\BOOKMARK [1][-]{section.9}{\376\377\000T\000r\000\355\000c\000h\000\040\000x\000u\036\245\000t\000\040\000k\000\375\000\040\000s\000i\000n\000h\000\040\000v\000\340\000\040\000p\000o\000s\000t\000-\000l\000a\000y\000o\000u\000t\000\040\000S\000T\000A}{}% 17
\BOOKMARK [1][-]{section.10}{\376\377\000M\000\364\000\040\000p\000h\036\317\000n\000g\000\040\000p\000o\000s\000t\000-\000l\000a\000y\000o\000u\000t}{}% 18
\BOOKMARK [1][-]{section.11}{\376\377\000T\036\241\000o\000\040\000G\000D\000S\000I\000I}{}% 19
\BOOKMARK [1][-]{section.12}{\376\377\000K\036\277\000t\000\040\000q\000u\036\243\000\040\000D\000R\000C\000\040\000v\000\340\000\040\000L\000V\000S}{}% 20
\BOOKMARK [1][-]{section.13}{\376\377\000T\036\325\000n\000g\000\040\000h\036\343\000p\000\040\000k\036\277\000t\000\040\000q\000u\036\243}{}% 21
\BOOKMARK [1][-]{section.14}{\376\377\000K\036\277\000t\000\040\000l\000u\036\255\000n}{}% 22
