\BOOKMARK [1][-]{section.1}{\376\377\000M\036\345\000c\000\040\000t\000i\000\352\000u\000\040\000b\000\341\000o\000\040\000c\000\341\000o}{}% 1
\BOOKMARK [1][-]{section.2}{\376\377\000L\000\375\000\040\000d\000o\000\040\000c\000h\036\315\000n\000\040\000t\000h\000i\036\277\000t\000\040\000k\036\277\000\040\000C\000P\000U\000\040\0004\000-\000b\000i\000t}{}% 2
\BOOKMARK [1][-]{section.3}{\376\377\000C\000\364\000n\000g\000\040\000c\036\345\000\040\000v\000\340\000\040\000c\000\364\000n\000g\000\040\000n\000g\000h\036\307}{}% 3
\BOOKMARK [1][-]{section.4}{\376\377\000C\036\245\000u\000\040\000h\000\354\000n\000h\000\040\000t\000h\000i\036\277\000t\000\040\000k\036\277}{}% 4
\BOOKMARK [2][-]{subsection.4.1}{\376\377\000G\000i\036\243\000i\000\040\000t\000h\000\355\000c\000h\000\040\000c\000\341\000c\000\040\000t\000h\000a\000m\000\040\000s\036\321}{section.4}% 5
\BOOKMARK [1][-]{section.5}{\376\377\000L\000\375\000\040\000d\000o\000\040\000c\000h\036\315\000n\000\040\000c\000o\000r\000e\000\040\000u\000t\000i\000l\000i\000z\000a\000t\000i\000o\000n\000\040\0006\0005\000\045}{}% 6
\BOOKMARK [1][-]{section.6}{\376\377\000P\000i\000n\000\040\000p\000l\000a\000c\000e\000m\000e\000n\000t}{}% 7
\BOOKMARK [1][-]{section.7}{\376\377\000Q\000u\000y\000\040\000t\000r\000\354\000n\000h\000\040\000p\000h\000y\000s\000i\000c\000a\000l\000\040\000d\000e\000s\000i\000g\000n\000\040\001\021\000i\036\301\000u\000\040\000k\000h\000i\036\303\000n\000\040\000b\036\261\000n\000g\000\040\000T\000c\000l}{}% 8
\BOOKMARK [2][-]{subsection.7.1}{\376\377\000K\000i\036\303\000m\000\040\000t\000r\000a\000\040\000R\000T\000L}{section.7}% 9
\BOOKMARK [2][-]{subsection.7.2}{\376\377\000K\036\277\000t\000\040\000q\000u\036\243\000\040\000s\000y\000n\000t\000h\000e\000s\000i\000s\000\040\001\021\036\247\000u\000\040\000v\000\340\000o}{section.7}% 10
\BOOKMARK [2][-]{subsection.7.3}{\376\377\000M\036\337\000\040\000O\000p\000e\000n\000R\000O\000A\000D\000\040\000G\000U\000I}{section.7}% 11
\BOOKMARK [2][-]{subsection.7.4}{\376\377\001\020\036\315\000c\000\040\000P\000D\000K\000,\000\040\000t\000h\001\260\000\040\000v\000i\036\307\000n\000\040\000v\000\340\000\040\000n\000e\000t\000l\000i\000s\000t\000\040\000s\000y\000n\000t\000h\000e\000s\000i\000s}{section.7}% 12
\BOOKMARK [2][-]{subsection.7.5}{\376\377\000K\000h\036\337\000i\000\040\000t\036\241\000o\000\040\000f\000l\000o\000o\000r\000p\000l\000a\000n\000\040\0006\0005\000\045}{section.7}% 13
\BOOKMARK [2][-]{subsection.7.6}{\376\377\001\020\036\267\000t\000\040\000I\000/\000O\000\040\000p\000i\000n}{section.7}% 14
\BOOKMARK [2][-]{subsection.7.7}{\376\377\000T\000a\000p\000c\000e\000l\000l\000\040\000v\000\340\000\040\000w\000e\000l\000l\000-\000t\000i\000e}{section.7}% 15
\BOOKMARK [2][-]{subsection.7.8}{\376\377\000P\000o\000w\000e\000r\000\040\000p\000l\000a\000n\000n\000i\000n\000g}{section.7}% 16
\BOOKMARK [2][-]{subsection.7.9}{\376\377\000G\000l\000o\000b\000a\000l\000\040\000p\000l\000a\000c\000e\000m\000e\000n\000t\000\040\000v\000\340\000\040\000d\000e\000t\000a\000i\000l\000e\000d\000\040\000p\000l\000a\000c\000e\000m\000e\000n\000t}{section.7}% 17
\BOOKMARK [2][-]{subsection.7.10}{\376\377\000C\000l\000o\000c\000k\000-\000t\000r\000e\000e\000\040\000s\000y\000n\000t\000h\000e\000s\000i\000s}{section.7}% 18
\BOOKMARK [2][-]{subsection.7.11}{\376\377\000R\000o\000u\000t\000i\000n\000g}{section.7}% 19
\BOOKMARK [2][-]{subsection.7.12}{\376\377\000S\000i\000g\000n\000o\000f\000f}{section.7}% 20
\BOOKMARK [1][-]{section.8}{\376\377\000S\036\361\000\040\000c\036\321\000\040\000L\000V\000S\000\040\000t\000r\000o\000n\000g\000\040\000f\000l\000o\000w\000\040\000t\000h\036\347\000\040\000c\000\364\000n\000g\000\040\000v\000\340\000\040\000c\000\341\000c\000h\000\040\000k\000h\036\257\000c\000\040\000p\000h\036\345\000c}{}% 21
\BOOKMARK [2][-]{subsection.8.1}{\376\377\000H\000i\036\307\000n\000\040\000t\001\260\036\343\000n\000g\000\040\000v\000\340\000\040\000p\000h\001\260\001\241\000n\000g\000\040\000p\000h\000\341\000p\000\040\000k\000h\000o\000a\000n\000h\000\040\000v\000\371\000n\000g}{section.8}% 22
\BOOKMARK [2][-]{subsection.8.2}{\376\377\000L\036\307\000n\000h\000\040\000c\001\151\000\040\000g\000\342\000y\000\040\000r\000a\000\040\000l\036\327\000i}{section.8}% 23
\BOOKMARK [2][-]{subsection.8.3}{\376\377\000T\000h\036\351\000\040\000t\036\361\000\040\000l\036\307\000n\000h\000\040\000m\036\333\000i}{section.8}% 24
\BOOKMARK [2][-]{subsection.8.4}{\376\377\000S\036\355\000a\000\040\000p\000o\000w\000e\000r\000e\000d\000\040\000V\000e\000r\000i\000l\000o\000g\000\040\000d\000\371\000n\000g\000\040\000c\000h\000o\000\040\000L\000V\000S}{section.8}% 25
\BOOKMARK [1][-]{section.9}{\376\377\000S\000i\000g\000n\000o\000f\000f\000\040\000v\000\340\000\040\000m\000\364\000\040\000p\000h\036\317\000n\000g\000\040\000p\000o\000s\000t\000-\000l\000a\000y\000o\000u\000t\000\040\000c\036\347\000a\000\040\000l\000a\000y\000o\000u\000t\000\040\001\021\000\343\000\040\000s\036\355\000a}{}% 26
\BOOKMARK [2][-]{subsection.9.1}{\376\377\000S\000t\000r\000e\000a\000m\000-\000o\000u\000t\000\040\000G\000D\000S\000\040\000v\000\340\000\040\000D\000R\000C}{section.9}% 27
\BOOKMARK [2][-]{subsection.9.2}{\376\377\000R\000C\000\040\000p\000a\000r\000a\000s\000i\000t\000i\000c\000\040\000e\000x\000t\000r\000a\000c\000t\000i\000o\000n\000\040\000v\000\340\000\040\000p\000o\000s\000t\000-\000l\000a\000y\000o\000u\000t\000\040\000S\000T\000A}{section.9}% 28
\BOOKMARK [2][-]{subsection.9.3}{\376\377\000T\036\241\000o\000\040\000S\000D\000F\000\040\000v\000\340\000\040\000g\000a\000t\000e\000-\000l\000e\000v\000e\000l\000\040\000s\000i\000m\000u\000l\000a\000t\000i\000o\000n}{section.9}% 29
\BOOKMARK [1][-]{section.10}{\376\377\000K\036\277\000t\000\040\000q\000u\036\243\000\040\000t\000h\000a\000m\000\040\000c\000h\000i\036\277\000u\000\040\000c\036\347\000a\000\040\000t\000h\000i\036\277\000t\000\040\000k\036\277\000\040\0006\0005\000\045}{}% 30
\BOOKMARK [1][-]{section.11}{\376\377\000P\000h\000\342\000n\000\040\000t\000\355\000c\000h\000\040\000k\036\277\000t\000\040\000q\000u\036\243}{}% 31
\BOOKMARK [1][-]{section.12}{\376\377\000C\000\341\000c\000\040\000l\001\260\000u\000\040\000\375\000\040\000k\036\371\000\040\000t\000h\000u\036\255\000t}{}% 32
\BOOKMARK [1][-]{section.13}{\376\377\000K\036\277\000t\000\040\000l\000u\036\255\000n}{}% 33
