xrun(64): 18.03-s001: (c) Copyright 1995-2018 Cadence Design Systems, Inc.
TOOL:	xrun(64)	18.03-s001: Started on Jul 19, 2026 at 17:26:41 +07
xrun
	-64bit
	-sv
	-clean
	-timescale 1ns/1ps
	-f filelist.f
		alu_4bit.sv
		control_unit.sv
		cpu_4bit.sv
		tb.sv
	-top cpu_4bit_tb
xrun: *N,CLEAN: Removing existing directory ./xcelium.d.
file: alu_4bit.sv
	module worklib.alu_4bit:sv
		errors: 0, warnings: 0
file: control_unit.sv
	module worklib.control_unit:sv
		errors: 0, warnings: 0
file: cpu_4bit.sv
	module worklib.cpu_4bit:sv
		errors: 0, warnings: 0
file: tb.sv
	module worklib.cpu_4bit_tb:sv
		errors: 0, warnings: 0
	Elaborating the design hierarchy:
		Caching library 'worklib' ....... Done
	Top level design units:
		cpu_4bit_tb
xmelab: *W,DSEMEL: This SystemVerilog design will be simulated as per IEEE 1800-2009 SystemVerilog simulation semantics. Use -disable_sem2009 option for turning off SV 2009 simulation semantics.
	Building instance overlay tables: .................... Done
	Generating native compiled code:
		worklib.alu_4bit:sv <0x5cd9a58a>
			streams:   2, words:  5055
		worklib.control_unit:sv <0x7d201fa7>
			streams:   3, words:  6211
		worklib.cpu_4bit_tb:sv <0x4a6742ad>
			streams:   9, words:  9571
		worklib.cpu_4bit:sv <0x4ee4a72e>
			streams:  24, words:  7051
	Building instance specific data structures.
	Loading native compiled code:     .................... Done
	Design hierarchy summary:
		                 Instances  Unique
		Modules:                 4       4
		Registers:              47      47
		Scalar wires:           29       -
		Vectored wires:         15       -
		Always blocks:           5       5
		Initial blocks:          4       4
		Cont. assignments:       4       6
		Pseudo assignments:     18      18
		Simulation timescale:  1ps
	Writing initial simulation snapshot: worklib.cpu_4bit_tb:sv
Loading snapshot worklib.cpu_4bit_tb:sv .................... Done
xmsim: *W,DSEM2009: This SystemVerilog design is simulated as per IEEE 1800-2009 SystemVerilog simulation semantics. Use -disable_sem2009 option for turning off SV 2009 simulation semantics.
xcelium> source /home/minhuy/EDA/cadence/xcelium/XCELIUM1803/tools/xcelium/files/xmsimrc
xcelium> run
time=25000 PC=1 IR=13 ACC=0 halted=0
time=35000 PC=1 IR=13 ACC=3 halted=0
time=45000 PC=2 IR=25 ACC=3 halted=0
time=55000 PC=2 IR=25 ACC=8 halted=0
time=65000 PC=3 IR=32 ACC=8 halted=0
time=75000 PC=3 IR=32 ACC=6 halted=0
time=85000 PC=4 IR=80 ACC=6 halted=0
time=95000 PC=4 IR=80 ACC=12 halted=0
time=105000 PC=5 IR=90 ACC=12 halted=0
time=115000 PC=5 IR=90 ACC=6 halted=0
time=125000 PC=6 IR=f0 ACC=6 halted=1
TEST PASSED: ACC = 6
Simulation complete via $finish(1) at time 125 NS + 0
./tb.sv:56     $finish;
xcelium> exit
TOOL:	xrun(64)	18.03-s001: Exiting on Jul 19, 2026 at 17:26:41 +07  (total: 00:00:00)
